// Jest Snapshot v1, https://goo.gl/fbAQLP

exports[`Given <Section /> When initializes Then should match the snapshot 1`] = `
<div>
  <section
    class="section TestSection"
  >
    <span>
      Hello
    </span>
  </section>
</div>
`;
