// Jest Snapshot v1, https://goo.gl/fbAQLP

exports[`Given <Quote /> When initializes Then should match the snapshot 1`] = `
<div>
  <h4
    class="quote"
  >
    <q>
      testing
    </q>
  </h4>
</div>
`;
