// Jest Snapshot v1, https://goo.gl/fbAQLP

exports[`Given <Page /> When initializes Then should match the snapshot 1`] = `
<div>
  <div
    class="page TestPage"
  >
    <span>
      Hello
    </span>
  </div>
</div>
`;
