// Jest Snapshot v1, https://goo.gl/fbAQLP

exports[`Given <Title /> When initializes Then should match the snapshot 1`] = `
<div>
  <h6
    class="title"
  >
    test
  </h6>
</div>
`;
